Traceback (most recent call last):
  File "generate_data_US.py", line 202, in <module>
    n_TERMINAL_5daysSmoothed[num_training_timesteps] = round(np.sum(n_TERMINAL[num_training_timesteps-2 : num_training_timesteps+1]) / 3)
IndexError: index 143 is out of bounds for axis 0 with size 142